## ListUsers / ok
GET https://androidpublisher.googleapis.com/androidpublisher/v3/developers/4900000000000000000/users?pageSize=100
content-length=0 replayable=true
=> ok [null,{"users":[]}]

## ListUsers / denied
GET https://androidpublisher.googleapis.com/androidpublisher/v3/developers/4900000000000000000/users?pageSize=100
content-length=0 replayable=true
=> error (exit 11): users.list on 4900000000000000000: The caller does not have permission (HTTP 403) [reason: forbidden]

## ListUsers / malformed
GET https://androidpublisher.googleapis.com/androidpublisher/v3/developers/4900000000000000000/users?pageSize=100
content-length=0 replayable=true
=> error (exit 50): users.list on 4900000000000000000: decode response: invalid character 'o' in literal null (expecting 'u')

## FindUserRaw / ok
GET https://androidpublisher.googleapis.com/androidpublisher/v3/developers/4900000000000000000/users?pageSize=100
content-length=0 replayable=true
=> ok [null,null,false]

## FindUserRaw / denied
GET https://androidpublisher.googleapis.com/androidpublisher/v3/developers/4900000000000000000/users?pageSize=100
content-length=0 replayable=true
=> error (exit 11): users.list on 4900000000000000000: The caller does not have permission (HTTP 403) [reason: forbidden]

## FindUserRaw / malformed
GET https://androidpublisher.googleapis.com/androidpublisher/v3/developers/4900000000000000000/users?pageSize=100
content-length=0 replayable=true
=> error (exit 50): users.list on 4900000000000000000: decode response: invalid character 'o' in literal null (expecting 'u')

## CreateUser / ok
POST https://androidpublisher.googleapis.com/androidpublisher/v3/developers/4900000000000000000/users
Content-Type: application/json
content-length=96 replayable=true
{"email":"Dev+ops@example.com","developerAccountPermissions":["CAN_VIEW_FINANCIAL_DATA_GLOBAL"]}
=> ok {}

## CreateUser / denied
POST https://androidpublisher.googleapis.com/androidpublisher/v3/developers/4900000000000000000/users
Content-Type: application/json
content-length=96 replayable=true
{"email":"Dev+ops@example.com","developerAccountPermissions":["CAN_VIEW_FINANCIAL_DATA_GLOBAL"]}
=> error (exit 11): users.create on 4900000000000000000: The caller does not have permission (HTTP 403) [reason: forbidden]

## CreateUser / malformed
POST https://androidpublisher.googleapis.com/androidpublisher/v3/developers/4900000000000000000/users
Content-Type: application/json
content-length=96 replayable=true
{"email":"Dev+ops@example.com","developerAccountPermissions":["CAN_VIEW_FINANCIAL_DATA_GLOBAL"]}
=> ok not json

## SetUserPermissions none / ok
PATCH https://androidpublisher.googleapis.com/androidpublisher/v3/developers/4900000000000000000/users/Dev+ops@example.com?updateMask=developerAccountPermissions
Content-Type: application/json
content-length=34 replayable=true
{"developerAccountPermissions":[]}
=> ok {}

## SetUserPermissions none / denied
PATCH https://androidpublisher.googleapis.com/androidpublisher/v3/developers/4900000000000000000/users/Dev+ops@example.com?updateMask=developerAccountPermissions
Content-Type: application/json
content-length=34 replayable=true
{"developerAccountPermissions":[]}
=> error (exit 11): users.patch on 4900000000000000000: The caller does not have permission (HTTP 403) [reason: forbidden]

## SetUserPermissions none / malformed
PATCH https://androidpublisher.googleapis.com/androidpublisher/v3/developers/4900000000000000000/users/Dev+ops@example.com?updateMask=developerAccountPermissions
Content-Type: application/json
content-length=34 replayable=true
{"developerAccountPermissions":[]}
=> ok not json

## DeleteUser / ok
DELETE https://androidpublisher.googleapis.com/androidpublisher/v3/developers/4900000000000000000/users/Dev+ops@example.com
content-length=0 replayable=true
=> ok {}

## DeleteUser / denied
DELETE https://androidpublisher.googleapis.com/androidpublisher/v3/developers/4900000000000000000/users/Dev+ops@example.com
content-length=0 replayable=true
=> error (exit 11): users.delete on 4900000000000000000: The caller does not have permission (HTTP 403) [reason: forbidden]

## DeleteUser / malformed
DELETE https://androidpublisher.googleapis.com/androidpublisher/v3/developers/4900000000000000000/users/Dev+ops@example.com
content-length=0 replayable=true
=> ok not json

## CreateGrant / ok
POST https://androidpublisher.googleapis.com/androidpublisher/v3/developers/4900000000000000000/users/Dev+ops@example.com/grants
Content-Type: application/json
content-length=80 replayable=true
{"packageName":"com.example.app","appLevelPermissions":["CAN_REPLY_TO_REVIEWS"]}
=> ok {}

## CreateGrant / denied
POST https://androidpublisher.googleapis.com/androidpublisher/v3/developers/4900000000000000000/users/Dev+ops@example.com/grants
Content-Type: application/json
content-length=80 replayable=true
{"packageName":"com.example.app","appLevelPermissions":["CAN_REPLY_TO_REVIEWS"]}
=> error (exit 11): grants.create on 4900000000000000000: The caller does not have permission (HTTP 403) [reason: forbidden]

## CreateGrant / malformed
POST https://androidpublisher.googleapis.com/androidpublisher/v3/developers/4900000000000000000/users/Dev+ops@example.com/grants
Content-Type: application/json
content-length=80 replayable=true
{"packageName":"com.example.app","appLevelPermissions":["CAN_REPLY_TO_REVIEWS"]}
=> ok not json

## PatchGrant / ok
PATCH https://androidpublisher.googleapis.com/androidpublisher/v3/developers/4900000000000000000/users/Dev+ops@example.com/grants/com.example.app?updateMask=appLevelPermissions
Content-Type: application/json
content-length=76 replayable=true
{"appLevelPermissions":["CAN_REPLY_TO_REVIEWS","CAN_VIEW_APP_QUALITY_DATA"]}
=> ok {}

## PatchGrant / denied
PATCH https://androidpublisher.googleapis.com/androidpublisher/v3/developers/4900000000000000000/users/Dev+ops@example.com/grants/com.example.app?updateMask=appLevelPermissions
Content-Type: application/json
content-length=76 replayable=true
{"appLevelPermissions":["CAN_REPLY_TO_REVIEWS","CAN_VIEW_APP_QUALITY_DATA"]}
=> error (exit 11): grants.patch on 4900000000000000000: The caller does not have permission (HTTP 403) [reason: forbidden]

## PatchGrant / malformed
PATCH https://androidpublisher.googleapis.com/androidpublisher/v3/developers/4900000000000000000/users/Dev+ops@example.com/grants/com.example.app?updateMask=appLevelPermissions
Content-Type: application/json
content-length=76 replayable=true
{"appLevelPermissions":["CAN_REPLY_TO_REVIEWS","CAN_VIEW_APP_QUALITY_DATA"]}
=> ok not json

## DeleteGrant / ok
DELETE https://androidpublisher.googleapis.com/androidpublisher/v3/developers/4900000000000000000/users/Dev+ops@example.com/grants/com.example.app
content-length=0 replayable=true
=> ok {}

## DeleteGrant / denied
DELETE https://androidpublisher.googleapis.com/androidpublisher/v3/developers/4900000000000000000/users/Dev+ops@example.com/grants/com.example.app
content-length=0 replayable=true
=> error (exit 11): grants.delete on 4900000000000000000: The caller does not have permission (HTTP 403) [reason: forbidden]

## DeleteGrant / malformed
DELETE https://androidpublisher.googleapis.com/androidpublisher/v3/developers/4900000000000000000/users/Dev+ops@example.com/grants/com.example.app
content-length=0 replayable=true
=> ok not json

## ListUsers / two pages
GET https://androidpublisher.googleapis.com/androidpublisher/v3/developers/4900000000000000000/users?pageSize=100
content-length=0 replayable=true
GET https://androidpublisher.googleapis.com/androidpublisher/v3/developers/4900000000000000000/users?pageSize=100&pageToken=p%2F2%2B
content-length=0 replayable=true
=> ok [[{"email":"a@example.com"},{"email":"b@example.com"}],{"users":[{"email":"a@example.com"},{"email":"b@example.com"}]}]

## ListUsers / token loop
GET https://androidpublisher.googleapis.com/androidpublisher/v3/developers/4900000000000000000/users?pageSize=100
content-length=0 replayable=true
GET https://androidpublisher.googleapis.com/androidpublisher/v3/developers/4900000000000000000/users?pageSize=100&pageToken=again
content-length=0 replayable=true
=> error (exit 50): users.list on 4900000000000000000: pagination token loop detected in users.list (server repeated a nextPageToken)

## ListUsers / bad user
GET https://androidpublisher.googleapis.com/androidpublisher/v3/developers/4900000000000000000/users?pageSize=100
content-length=0 replayable=true
=> error (exit 50): users.list on 4900000000000000000: decode user: json: cannot unmarshal number into Go value of type team.User

