POST https://androidpublisher.googleapis.com/androidpublisher/v3/applications/com.example.app/edits
Accept-Encoding: gzip
Content-Length: 0
Content-Type: application/json
User-Agent: Go-http-client/1.1

GET https://androidpublisher.googleapis.com/androidpublisher/v3/applications/com.example.app/edits/e1/details
Accept-Encoding: gzip
User-Agent: Go-http-client/1.1

DELETE https://androidpublisher.googleapis.com/androidpublisher/v3/applications/com.example.app/edits/e1
Accept-Encoding: gzip
User-Agent: Go-http-client/1.1

POST https://androidpublisher.googleapis.com/androidpublisher/v3/applications/com.example.app/edits
Accept-Encoding: gzip
Content-Length: 0
Content-Type: application/json
User-Agent: Go-http-client/1.1

GET https://androidpublisher.googleapis.com/androidpublisher/v3/applications/com.example.app/edits/e1/details
Accept-Encoding: gzip
User-Agent: Go-http-client/1.1

GET https://androidpublisher.googleapis.com/androidpublisher/v3/applications/com.example.app/edits/e1/listings/en-US
Accept-Encoding: gzip
User-Agent: Go-http-client/1.1

GET https://androidpublisher.googleapis.com/androidpublisher/v3/applications/com.example.app/edits/e1/listings/en-US/icon
Accept-Encoding: gzip
User-Agent: Go-http-client/1.1

DELETE https://androidpublisher.googleapis.com/androidpublisher/v3/applications/com.example.app/edits/e1
Accept-Encoding: gzip
User-Agent: Go-http-client/1.1

PATCH https://androidpublisher.googleapis.com/androidpublisher/v3/applications/com.example.app/edits/e1/details
Accept-Encoding: gzip
Content-Length: 52
Content-Type: application/json
User-Agent: Go-http-client/1.1

{"contactEmail":"b@example.com","contactWebsite":""}

GET https://androidpublisher.googleapis.com/androidpublisher/v3/applications/com.example.app/edits/e1/details
Accept-Encoding: gzip
User-Agent: Go-http-client/1.1
