{
  "results": [
    {
      "reviewId": "gp:ok-1",
      "status": "ok"
    },
    {
      "reviewId": "gp:expired",
      "status": "error",
      "error": "review \"gp:expired\" not found: check the id, or note the reviews API only exposes the last 7 days so an older review can no longer be replied to: reviews.reply on com.example.app: Review not found. (HTTP 404)"
    },
    {
      "reviewId": "",
      "status": "error",
      "error": "expected 2 tab-separated fields (review-id and reply), got 1"
    }
  ]
}
