{
  "package": "com.example.app",
  "dryRun": false,
  "changes": [
    {
      "op": "patch",
      "productId": "coins_500",
      "fields": [
        "listings"
      ]
    }
  ],
  "summary": {
    "create": 0,
    "delete": 0,
    "migrate": 0,
    "offerCreate": 0,
    "offerDelete": 0,
    "offerPatch": 0,
    "patch": 1,
    "state": 0,
    "unchanged": 1
  }
}
